# serializer version: 1
# name: test_snapshot_guard
  list([
    dict({
      'computed_at': '2025-10-16T11:41:39.384Z',
      'cpa_km': 3e-06,
      'da_id': 2,
      'id': 2,
      'scenario_id': 2,
      'score': 0.765731,
      'tcpa_s': 62.901424,
      'tdb_km': 22.901424,
      'track_id': 2,
      'twrp_s': 22.901337,
    }),
  ])
# ---
